[     186ms] [LOG] [Fast Refresh] done in 24ms @ http://localhost:3000/_next/static/chunks/112__next_dist_1a10hyl._.js:782
[     250ms] [LOG] [Fast Refresh] done in 24ms @ http://localhost:3000/_next/static/chunks/112__next_dist_1a10hyl._.js:782
[     297ms] [LOG] [Fast Refresh] done in 24ms @ http://localhost:3000/_next/static/chunks/112__next_dist_1a10hyl._.js:782
[     346ms] [LOG] [Fast Refresh] done in 24ms @ http://localhost:3000/_next/static/chunks/112__next_dist_1a10hyl._.js:782
[     396ms] [LOG] [Fast Refresh] done in 24ms @ http://localhost:3000/_next/static/chunks/112__next_dist_1a10hyl._.js:782
[     470ms] [LOG] %c Console Ninja extension is connected to Next.js browser, background: rgb(30,30,30); color: rgb(255,213,92) see https://tinyurl.com/2vt8jxzw for more info. @ :0
[     472ms] [INFO] %cDownload the React DevTools for a better development experience: https://react.dev/link/react-devtools font-weight:bold @ http://localhost:3000/_next/static/chunks/112__next_dist_1a10hyl._.js:782
[     482ms] [LOG] [HMR] connected @ http://localhost:3000/_next/static/chunks/112__next_dist_1a10hyl._.js:782
[     513ms] [INFO] [2026-09-02T03:59:21.805Z] INFO: Starting sync engine @ http://localhost:3000/_next/static/chunks/112__next_dist_1a10hyl._.js:782
[     516ms] [INFO] [2026-09-02T03:59:21.809Z] INFO: Stopping sync engine @ http://localhost:3000/_next/static/chunks/112__next_dist_1a10hyl._.js:782
[     517ms] [INFO] [2026-09-02T03:59:21.809Z] INFO: Starting sync engine @ http://localhost:3000/_next/static/chunks/112__next_dist_1a10hyl._.js:782
[     537ms] [INFO] [2026-09-02T03:59:21.829Z] INFO: Processing pending mutations {"count":0} @ http://localhost:3000/_next/static/chunks/112__next_dist_1a10hyl._.js:782
[    1652ms] [INFO] [2026-09-02T03:59:22.945Z] INFO: Sync completed {"duration":1138,"successCount":0,"failureCount":0,"skippedCount":0,"remainingPending":4,"status":"error","diagnostics":{"totalAttempts":1,"successfulSyncs":1,"failedSyncs":0,"averageDuration":1138}} @ http://localhost:3000/_next/static/chunks/112__next_dist_1a10hyl._.js:782
[  134686ms] [LOG] [Fast Refresh] rebuilding @ http://localhost:3000/_next/static/chunks/112__next_dist_1a10hyl._.js:782
[  134873ms] [LOG] [Fast Refresh] done in 151ms @ http://localhost:3000/_next/static/chunks/112__next_dist_1a10hyl._.js:782
[  135030ms] [LOG] [Fast Refresh] done in 151ms @ http://localhost:3000/_next/static/chunks/112__next_dist_1a10hyl._.js:782
[  135160ms] [LOG] [Fast Refresh] done in 151ms @ http://localhost:3000/_next/static/chunks/112__next_dist_1a10hyl._.js:782
[  135300ms] [LOG] [Fast Refresh] done in 151ms @ http://localhost:3000/_next/static/chunks/112__next_dist_1a10hyl._.js:782
[  135977ms] [LOG] [Fast Refresh] done in 151ms @ http://localhost:3000/_next/static/chunks/112__next_dist_1a10hyl._.js:782
[  136105ms] [LOG] [Fast Refresh] done in 151ms @ http://localhost:3000/_next/static/chunks/112__next_dist_1a10hyl._.js:782
[  136227ms] [LOG] [Fast Refresh] done in 151ms @ http://localhost:3000/_next/static/chunks/112__next_dist_1a10hyl._.js:782
[  136299ms] [LOG] [Fast Refresh] done in 151ms @ http://localhost:3000/_next/static/chunks/112__next_dist_1a10hyl._.js:782
[  136449ms] [LOG] [Fast Refresh] done in 151ms @ http://localhost:3000/_next/static/chunks/112__next_dist_1a10hyl._.js:782
[  136524ms] [LOG] [Fast Refresh] done in 151ms @ http://localhost:3000/_next/static/chunks/112__next_dist_1a10hyl._.js:782
[  136592ms] [LOG] [Fast Refresh] done in 151ms @ http://localhost:3000/_next/static/chunks/112__next_dist_1a10hyl._.js:782
[  136728ms] [LOG] [Fast Refresh] done in 151ms @ http://localhost:3000/_next/static/chunks/112__next_dist_1a10hyl._.js:782
[  136855ms] [LOG] [Fast Refresh] done in 151ms @ http://localhost:3000/_next/static/chunks/112__next_dist_1a10hyl._.js:782
[  136902ms] [LOG] [Fast Refresh] done in 151ms @ http://localhost:3000/_next/static/chunks/112__next_dist_1a10hyl._.js:782
[  137018ms] [LOG] [Fast Refresh] done in 151ms @ http://localhost:3000/_next/static/chunks/112__next_dist_1a10hyl._.js:782
[  137103ms] [LOG] [Fast Refresh] done in 151ms @ http://localhost:3000/_next/static/chunks/112__next_dist_1a10hyl._.js:782
[  137273ms] [LOG] [Fast Refresh] done in 151ms @ http://localhost:3000/_next/static/chunks/112__next_dist_1a10hyl._.js:782
[  137398ms] [LOG] [Fast Refresh] done in 151ms @ http://localhost:3000/_next/static/chunks/112__next_dist_1a10hyl._.js:782
[  137481ms] [LOG] [Fast Refresh] done in 151ms @ http://localhost:3000/_next/static/chunks/112__next_dist_1a10hyl._.js:782
[  137556ms] [LOG] [Fast Refresh] done in 151ms @ http://localhost:3000/_next/static/chunks/112__next_dist_1a10hyl._.js:782
[  137676ms] [LOG] [Fast Refresh] done in 151ms @ http://localhost:3000/_next/static/chunks/112__next_dist_1a10hyl._.js:782
[  137786ms] [LOG] [Fast Refresh] done in 151ms @ http://localhost:3000/_next/static/chunks/112__next_dist_1a10hyl._.js:782
[  137904ms] [LOG] [Fast Refresh] done in 151ms @ http://localhost:3000/_next/static/chunks/112__next_dist_1a10hyl._.js:782
[  141516ms] [LOG] [Fast Refresh] done in 151ms @ http://localhost:3000/_next/static/chunks/112__next_dist_1a10hyl._.js:782
[  150523ms] [INFO] [2026-09-02T04:01:51.815Z] INFO: Processing pending mutations {"count":0} @ http://localhost:3000/_next/static/chunks/112__next_dist_1a10hyl._.js:782
[  150778ms] [LOG] [Fast Refresh] done in 151ms @ http://localhost:3000/_next/static/chunks/112__next_dist_1a10hyl._.js:782
[  151058ms] [LOG] [Fast Refresh] done in 151ms @ http://localhost:3000/_next/static/chunks/112__next_dist_1a10hyl._.js:782
[  151319ms] [LOG] [Fast Refresh] done in 151ms @ http://localhost:3000/_next/static/chunks/112__next_dist_1a10hyl._.js:782
[  151471ms] [LOG] [Fast Refresh] done in 151ms @ http://localhost:3000/_next/static/chunks/112__next_dist_1a10hyl._.js:782
[  151619ms] [LOG] [Fast Refresh] done in 151ms @ http://localhost:3000/_next/static/chunks/112__next_dist_1a10hyl._.js:782
[  151764ms] [LOG] [Fast Refresh] done in 151ms @ http://localhost:3000/_next/static/chunks/112__next_dist_1a10hyl._.js:782
[  151900ms] [LOG] [Fast Refresh] done in 151ms @ http://localhost:3000/_next/static/chunks/112__next_dist_1a10hyl._.js:782
[  151995ms] [LOG] [Fast Refresh] done in 151ms @ http://localhost:3000/_next/static/chunks/112__next_dist_1a10hyl._.js:782
[  152047ms] [LOG] [Fast Refresh] done in 151ms @ http://localhost:3000/_next/static/chunks/112__next_dist_1a10hyl._.js:782
[  152120ms] [LOG] [Fast Refresh] done in 151ms @ http://localhost:3000/_next/static/chunks/112__next_dist_1a10hyl._.js:782
[  152211ms] [LOG] [Fast Refresh] done in 151ms @ http://localhost:3000/_next/static/chunks/112__next_dist_1a10hyl._.js:782
[  152269ms] [LOG] [Fast Refresh] done in 151ms @ http://localhost:3000/_next/static/chunks/112__next_dist_1a10hyl._.js:782
[  152318ms] [LOG] [Fast Refresh] done in 151ms @ http://localhost:3000/_next/static/chunks/112__next_dist_1a10hyl._.js:782
[  152355ms] [LOG] [Fast Refresh] done in 151ms @ http://localhost:3000/_next/static/chunks/112__next_dist_1a10hyl._.js:782
[  152413ms] [LOG] [Fast Refresh] done in 151ms @ http://localhost:3000/_next/static/chunks/112__next_dist_1a10hyl._.js:782
[  152420ms] [INFO] [2026-09-02T04:01:53.713Z] INFO: Sync completed {"duration":1900,"successCount":0,"failureCount":0,"skippedCount":0,"remainingPending":0,"status":"idle","diagnostics":{"totalAttempts":7,"successfulSyncs":2,"failedSyncs":0,"averageDuration":1519}} @ http://localhost:3000/_next/static/chunks/112__next_dist_1a10hyl._.js:782
[  152457ms] [LOG] [Fast Refresh] done in 151ms @ http://localhost:3000/_next/static/chunks/112__next_dist_1a10hyl._.js:782
[  180523ms] [INFO] [2026-09-02T04:02:21.815Z] INFO: Processing pending mutations {"count":0} @ http://localhost:3000/_next/static/chunks/112__next_dist_1a10hyl._.js:782
[  182464ms] [INFO] [2026-09-02T04:02:23.756Z] INFO: Sync completed {"duration":1945,"successCount":0,"failureCount":0,"skippedCount":0,"remainingPending":0,"status":"idle","diagnostics":{"totalAttempts":8,"successfulSyncs":3,"failedSyncs":0,"averageDuration":1661}} @ http://localhost:3000/_next/static/chunks/112__next_dist_1a10hyl._.js:782
[  186265ms] [LOG] %c Console Ninja extension is connected to Next.js browser, background: rgb(30,30,30); color: rgb(255,213,92) see https://tinyurl.com/2vt8jxzw for more info. @ :0
[  186267ms] [INFO] %cDownload the React DevTools for a better development experience: https://react.dev/link/react-devtools font-weight:bold @ http://localhost:3000/_next/static/chunks/112__next_dist_1a10hyl._.js:782
[  186274ms] [LOG] [HMR] connected @ http://localhost:3000/_next/static/chunks/112__next_dist_1a10hyl._.js:782
[  186311ms] [INFO] [2026-09-02T04:02:27.603Z] INFO: Starting sync engine @ http://localhost:3000/_next/static/chunks/112__next_dist_1a10hyl._.js:782
[  186314ms] [INFO] [2026-09-02T04:02:27.606Z] INFO: Stopping sync engine @ http://localhost:3000/_next/static/chunks/112__next_dist_1a10hyl._.js:782
[  186314ms] [INFO] [2026-09-02T04:02:27.607Z] INFO: Starting sync engine @ http://localhost:3000/_next/static/chunks/112__next_dist_1a10hyl._.js:782
[  186336ms] [INFO] [2026-09-02T04:02:27.628Z] INFO: Processing pending mutations {"count":0} @ http://localhost:3000/_next/static/chunks/112__next_dist_1a10hyl._.js:782
[  187615ms] [INFO] [2026-09-02T04:02:28.907Z] INFO: Sync completed {"duration":1304,"successCount":0,"failureCount":0,"skippedCount":0,"remainingPending":4,"status":"error","diagnostics":{"totalAttempts":1,"successfulSyncs":1,"failedSyncs":0,"averageDuration":1304}} @ http://localhost:3000/_next/static/chunks/112__next_dist_1a10hyl._.js:782
