[     482ms] [LOG] %c Console Ninja extension is connected to Next.js browser, background: rgb(30,30,30); color: rgb(255,213,92) see https://tinyurl.com/2vt8jxzw for more info. @ :0
[     485ms] [INFO] %cDownload the React DevTools for a better development experience: https://react.dev/link/react-devtools font-weight:bold @ http://localhost:3000/_next/static/chunks/112__next_dist_1a10hyl._.js:782
[     493ms] [LOG] [HMR] connected @ http://localhost:3000/_next/static/chunks/112__next_dist_1a10hyl._.js:782
[     520ms] [INFO] [2026-09-02T03:43:57.425Z] INFO: Starting sync engine @ http://localhost:3000/_next/static/chunks/112__next_dist_1a10hyl._.js:782
[     523ms] [INFO] [2026-09-02T03:43:57.428Z] INFO: Stopping sync engine @ http://localhost:3000/_next/static/chunks/112__next_dist_1a10hyl._.js:782
[     523ms] [INFO] [2026-09-02T03:43:57.429Z] INFO: Starting sync engine @ http://localhost:3000/_next/static/chunks/112__next_dist_1a10hyl._.js:782
[     555ms] [INFO] [2026-09-02T03:43:57.460Z] INFO: Processing pending mutations {"count":1} @ http://localhost:3000/_next/static/chunks/112__next_dist_1a10hyl._.js:782
[   32204ms] [INFO] [2026-09-02T03:44:29.109Z] INFO: Sync completed {"duration":31683,"successCount":1,"failureCount":0,"skippedCount":0,"remainingPending":4,"status":"error","diagnostics":{"totalAttempts":1,"successfulSyncs":1,"failedSyncs":0,"averageDuration":31683}} @ http://localhost:3000/_next/static/chunks/112__next_dist_1a10hyl._.js:782
[  281757ms] [LOG] [HMR] connected @ http://localhost:3000/_next/static/chunks/112__next_dist_1a10hyl._.js:782
[  684705ms] [LOG] [HMR] connected @ http://localhost:3000/_next/static/chunks/112__next_dist_1a10hyl._.js:782
[  892416ms] [LOG] [Fast Refresh] rebuilding @ http://localhost:3000/_next/static/chunks/112__next_dist_1a10hyl._.js:782
[  892482ms] [LOG] [Fast Refresh] done in 24ms @ http://localhost:3000/_next/static/chunks/112__next_dist_1a10hyl._.js:782
[  892758ms] [LOG] [Fast Refresh] done in 24ms @ http://localhost:3000/_next/static/chunks/112__next_dist_1a10hyl._.js:782
[  892826ms] [LOG] [Fast Refresh] done in 24ms @ http://localhost:3000/_next/static/chunks/112__next_dist_1a10hyl._.js:782
[  892970ms] [LOG] [Fast Refresh] done in 24ms @ http://localhost:3000/_next/static/chunks/112__next_dist_1a10hyl._.js:782
[  893106ms] [LOG] [Fast Refresh] done in 24ms @ http://localhost:3000/_next/static/chunks/112__next_dist_1a10hyl._.js:782
[  894331ms] [LOG] [Fast Refresh] done in 24ms @ http://localhost:3000/_next/static/chunks/112__next_dist_1a10hyl._.js:782
[  894456ms] [LOG] [Fast Refresh] done in 24ms @ http://localhost:3000/_next/static/chunks/112__next_dist_1a10hyl._.js:782
[  894577ms] [LOG] [Fast Refresh] done in 24ms @ http://localhost:3000/_next/static/chunks/112__next_dist_1a10hyl._.js:782
[  894670ms] [LOG] [Fast Refresh] done in 24ms @ http://localhost:3000/_next/static/chunks/112__next_dist_1a10hyl._.js:782
[  894740ms] [LOG] [Fast Refresh] done in 24ms @ http://localhost:3000/_next/static/chunks/112__next_dist_1a10hyl._.js:782
[  894781ms] [LOG] [Fast Refresh] done in 24ms @ http://localhost:3000/_next/static/chunks/112__next_dist_1a10hyl._.js:782
[  894827ms] [LOG] [Fast Refresh] done in 24ms @ http://localhost:3000/_next/static/chunks/112__next_dist_1a10hyl._.js:782
[  894868ms] [LOG] [Fast Refresh] done in 24ms @ http://localhost:3000/_next/static/chunks/112__next_dist_1a10hyl._.js:782
[  894938ms] [LOG] [Fast Refresh] done in 24ms @ http://localhost:3000/_next/static/chunks/112__next_dist_1a10hyl._.js:782
[  895009ms] [LOG] [Fast Refresh] done in 24ms @ http://localhost:3000/_next/static/chunks/112__next_dist_1a10hyl._.js:782
[  895050ms] [LOG] [Fast Refresh] done in 24ms @ http://localhost:3000/_next/static/chunks/112__next_dist_1a10hyl._.js:782
[  895130ms] [LOG] [Fast Refresh] done in 24ms @ http://localhost:3000/_next/static/chunks/112__next_dist_1a10hyl._.js:782
[  895205ms] [LOG] [Fast Refresh] done in 24ms @ http://localhost:3000/_next/static/chunks/112__next_dist_1a10hyl._.js:782
[  895283ms] [LOG] [Fast Refresh] done in 24ms @ http://localhost:3000/_next/static/chunks/112__next_dist_1a10hyl._.js:782
[  895337ms] [LOG] [Fast Refresh] done in 24ms @ http://localhost:3000/_next/static/chunks/112__next_dist_1a10hyl._.js:782
[  895386ms] [LOG] [Fast Refresh] done in 24ms @ http://localhost:3000/_next/static/chunks/112__next_dist_1a10hyl._.js:782
[  895431ms] [LOG] [Fast Refresh] done in 24ms @ http://localhost:3000/_next/static/chunks/112__next_dist_1a10hyl._.js:782
[  895479ms] [LOG] [Fast Refresh] done in 24ms @ http://localhost:3000/_next/static/chunks/112__next_dist_1a10hyl._.js:782
[  895526ms] [LOG] [Fast Refresh] done in 24ms @ http://localhost:3000/_next/static/chunks/112__next_dist_1a10hyl._.js:782
[  895571ms] [LOG] [Fast Refresh] done in 24ms @ http://localhost:3000/_next/static/chunks/112__next_dist_1a10hyl._.js:782
[  895629ms] [LOG] [Fast Refresh] done in 24ms @ http://localhost:3000/_next/static/chunks/112__next_dist_1a10hyl._.js:782
[  895670ms] [LOG] [Fast Refresh] done in 24ms @ http://localhost:3000/_next/static/chunks/112__next_dist_1a10hyl._.js:782
[  895712ms] [LOG] [Fast Refresh] done in 24ms @ http://localhost:3000/_next/static/chunks/112__next_dist_1a10hyl._.js:782
[  895762ms] [LOG] [Fast Refresh] done in 24ms @ http://localhost:3000/_next/static/chunks/112__next_dist_1a10hyl._.js:782
[  895816ms] [LOG] [Fast Refresh] done in 24ms @ http://localhost:3000/_next/static/chunks/112__next_dist_1a10hyl._.js:782
[  895913ms] [LOG] [Fast Refresh] done in 24ms @ http://localhost:3000/_next/static/chunks/112__next_dist_1a10hyl._.js:782
[  908540ms] [INFO] [2026-09-02T03:59:05.446Z] INFO: Processing pending mutations {"count":0} @ http://localhost:3000/_next/static/chunks/112__next_dist_1a10hyl._.js:782
[  908787ms] [LOG] [Fast Refresh] done in 24ms @ http://localhost:3000/_next/static/chunks/112__next_dist_1a10hyl._.js:782
[  908938ms] [LOG] [Fast Refresh] done in 24ms @ http://localhost:3000/_next/static/chunks/112__next_dist_1a10hyl._.js:782
[  909063ms] [LOG] [Fast Refresh] done in 24ms @ http://localhost:3000/_next/static/chunks/112__next_dist_1a10hyl._.js:782
[  909198ms] [LOG] [Fast Refresh] done in 24ms @ http://localhost:3000/_next/static/chunks/112__next_dist_1a10hyl._.js:782
[  909341ms] [LOG] [Fast Refresh] done in 24ms @ http://localhost:3000/_next/static/chunks/112__next_dist_1a10hyl._.js:782
[  909490ms] [LOG] [Fast Refresh] done in 24ms @ http://localhost:3000/_next/static/chunks/112__next_dist_1a10hyl._.js:782
[  909621ms] [LOG] [Fast Refresh] done in 24ms @ http://localhost:3000/_next/static/chunks/112__next_dist_1a10hyl._.js:782
[  909765ms] [LOG] [Fast Refresh] done in 24ms @ http://localhost:3000/_next/static/chunks/112__next_dist_1a10hyl._.js:782
[  909897ms] [LOG] [Fast Refresh] done in 24ms @ http://localhost:3000/_next/static/chunks/112__next_dist_1a10hyl._.js:782
[  910022ms] [LOG] [Fast Refresh] done in 24ms @ http://localhost:3000/_next/static/chunks/112__next_dist_1a10hyl._.js:782
[  910300ms] [INFO] [2026-09-02T03:59:07.205Z] INFO: Sync completed {"duration":1769,"successCount":0,"failureCount":0,"skippedCount":0,"remainingPending":0,"status":"idle","diagnostics":{"totalAttempts":28,"successfulSyncs":2,"failedSyncs":0,"averageDuration":16726}} @ http://localhost:3000/_next/static/chunks/112__next_dist_1a10hyl._.js:782
[  910362ms] [LOG] [Fast Refresh] done in 24ms @ http://localhost:3000/_next/static/chunks/112__next_dist_1a10hyl._.js:782
